2026-08-26 10:26:14.971 [main] INFO  com.ecommerce.mobile.config.ConfigReader - Loaded configuration from config.properties
2026-08-26 10:26:14.974 [main] INFO  com.ecommerce.mobile.config.AppiumServerManager - Starting Appium server...
2026-08-26 10:26:15.394 [main] INFO  com.ecommerce.mobile.config.AppiumServerManager - Appium server started on http://127.0.0.1:4723/
2026-08-26 10:26:15.573 [main] INFO  com.ecommerce.mobile.hooks.Hooks - ========== Starting scenario: Signup into the Application for new user ==========
2026-08-26 10:26:15.574 [main] INFO  com.ecommerce.mobile.config.CapabilityManager - Building Appium capabilities from config.properties
2026-08-26 10:26:15.610 [main] INFO  com.ecommerce.mobile.config.CapabilityManager - app.path is blank. Using already-installed application.
2026-08-26 10:26:15.611 [main] INFO  com.ecommerce.mobile.config.DriverManager - Initializing AndroidDriver against Appium server at http://127.0.0.1:4723/
2026-08-26 10:26:25.335 [main] INFO  com.ecommerce.mobile.config.DriverManager - App launched and driver session started successfully.
2026-08-26 10:26:27.121 [main] INFO  com.ecommerce.mobile.pages.LoginPage - SignUp flow Execution started
2026-08-26 10:27:01.206 [main] INFO  com.ecommerce.mobile.pages.LoginPage - User clicked on Get Started button
2026-08-26 10:27:01.207 [main] INFO  com.ecommerce.mobile.pages.LoginPage - User is able to see member login label displayed
2026-08-26 10:27:01.310 [main] INFO  com.ecommerce.mobile.pages.LoginPage - User  is able to see age confirmation label displayed
2026-08-26 10:27:01.403 [main] INFO  com.ecommerce.mobile.pages.LoginPage - User entered phone number: 5506777801
2026-08-26 10:27:04.199 [main] INFO  com.ecommerce.mobile.pages.LoginPage - User clicked checkbox
2026-08-26 10:27:07.393 [main] INFO  com.ecommerce.mobile.pages.LoginPage - User  clicked next button
2026-08-26 10:27:07.397 [main] INFO  com.ecommerce.mobile.pages.LoginPage - User is able to see account setup message displayed
2026-08-26 10:27:08.521 [main] INFO  com.ecommerce.mobile.pages.LoginPage - User entered OTP: 123456
2026-08-26 10:27:10.911 [main] INFO  com.ecommerce.mobile.pages.LoginPage - randomNumber = Trisha
2026-08-26 10:27:10.912 [main] INFO  com.ecommerce.mobile.pages.LoginPage - User entered name: autoUserTrisha
2026-08-26 10:27:14.075 [main] INFO  com.ecommerce.mobile.pages.LoginPage - User clicked female menu
2026-08-26 10:27:15.472 [main] INFO  com.ecommerce.mobile.pages.LoginPage - User  clicked next button
2026-08-26 10:28:17.903 [main] INFO  com.ecommerce.mobile.pages.HomePage - User clicked profile avatar
2026-08-26 10:28:18.878 [main] INFO  com.ecommerce.mobile.pages.HomePage - User  clicked personal details
2026-08-26 10:28:20.240 [main] INFO  com.ecommerce.mobile.pages.HomePage - User logged out
2026-08-26 10:28:20.241 [main] INFO  com.ecommerce.mobile.pages.LoginPage - User is able to see get started label displayed
2026-08-26 10:28:52.102 [main] INFO  com.ecommerce.mobile.hooks.Hooks - Scenario PASSED: Signup into the Application for new user
2026-08-26 10:28:52.102 [main] INFO  com.ecommerce.mobile.config.DriverManager - Closing app session.
2026-08-26 10:28:53.226 [main] INFO  com.ecommerce.mobile.hooks.Hooks - ========== Finished scenario: Signup into the Application for new user ==========
2026-08-26 10:28:53.252 [main] INFO  com.ecommerce.mobile.hooks.Hooks - ========== Starting scenario: Login with valid credentials ==========
2026-08-26 10:28:53.253 [main] INFO  com.ecommerce.mobile.config.CapabilityManager - Building Appium capabilities from config.properties
2026-08-26 10:28:53.253 [main] INFO  com.ecommerce.mobile.config.CapabilityManager - app.path is blank. Using already-installed application.
2026-08-26 10:28:53.253 [main] INFO  com.ecommerce.mobile.config.DriverManager - Initializing AndroidDriver against Appium server at http://127.0.0.1:4723/
2026-08-26 10:29:00.129 [main] INFO  com.ecommerce.mobile.config.DriverManager - App launched and driver session started successfully.
2026-08-26 10:29:00.850 [main] INFO  com.ecommerce.mobile.pages.LoginPage - SignUp flow Execution started
2026-08-26 10:29:34.972 [main] INFO  com.ecommerce.mobile.pages.LoginPage - User clicked on Get Started button
2026-08-26 10:29:34.972 [main] INFO  com.ecommerce.mobile.pages.LoginPage - User is able to see member login label displayed
2026-08-26 10:29:35.114 [main] INFO  com.ecommerce.mobile.pages.LoginPage - User  is able to see age confirmation label displayed
2026-08-26 10:29:36.206 [main] INFO  com.ecommerce.mobile.pages.LoginPage - User entered the existing phone number: 9876543211
2026-08-26 10:29:37.606 [main] INFO  com.ecommerce.mobile.pages.LoginPage - User clicked checkbox
2026-08-26 10:29:40.795 [main] INFO  com.ecommerce.mobile.pages.LoginPage - User  clicked next button
2026-08-26 10:29:40.797 [main] INFO  com.ecommerce.mobile.pages.LoginPage - User is able to see account setup message displayed
2026-08-26 10:29:41.941 [main] INFO  com.ecommerce.mobile.pages.LoginPage - User entered OTP: 123456
2026-08-26 10:29:41.943 [main] INFO  com.ecommerce.mobile.pages.HomePage - User is able to see menu items
2026-08-26 10:29:41.944 [main] INFO  com.ecommerce.mobile.pages.HomePage - User landed in HomePage
2026-08-26 10:31:16.455 [main] INFO  com.ecommerce.mobile.pages.HomePage - User clicked profile avatar
2026-08-26 10:31:17.453 [main] INFO  com.ecommerce.mobile.pages.HomePage - User  clicked personal details
2026-08-26 10:31:18.473 [main] INFO  com.ecommerce.mobile.pages.HomePage - User logged out
2026-08-26 10:31:18.473 [main] INFO  com.ecommerce.mobile.pages.LoginPage - User is able to see get started label displayed
2026-08-26 10:31:50.313 [main] INFO  com.ecommerce.mobile.hooks.Hooks - Scenario PASSED: Login with valid credentials
2026-08-26 10:31:50.313 [main] INFO  com.ecommerce.mobile.config.DriverManager - Closing app session.
2026-08-26 10:31:51.481 [main] INFO  com.ecommerce.mobile.hooks.Hooks - ========== Finished scenario: Login with valid credentials ==========
2026-08-26 10:31:51.767 [main] INFO  com.ecommerce.mobile.listeners.EmailReportListener - Suite finished: 2 passed, 0 failed, 0 skipped.
2026-08-26 10:31:51.769 [main] WARN  com.ecommerce.mobile.utils.MailUtil - Email notification skipped - fill in mail.smtp.host / mail.from / mail.to in config.properties, and set the MAIL_FROM_PASSWORD environment variable. See README.md -> "Email notifications".
